2026-07-24T07:45:19.880784Z  INFO herdr::api::server: api server listening path=/Users/brunner/.config/herdr/sessions/black-atom/herdr.sock
2026-07-24T07:45:19.881155Z  INFO herdr::app: using pane scrollback configuration pane_scrollback_limit_bytes=10000000
2026-07-24T07:45:19.911085Z  INFO herdr::logging: checking for updates event="update.check.start" subsystem="update" outcome="started"
2026-07-24T07:45:19.922297Z  INFO herdr::logging: spawning pane terminal event="pane.spawn.start" subsystem="pane" outcome="started" pane_id=1 rows=24 cols=80 scrollback_limit_bytes=10000000
2026-07-24T07:45:19.924779Z  INFO herdr::logging: pane child spawned event="pane.spawned" subsystem="pane" outcome="ok" pane_id=1 pid=99956
2026-07-24T07:45:19.925457Z  INFO herdr::logging: workspace created event="workspace.create" subsystem="workspace" outcome="ok" workspace_id="w1" pane_id=1
2026-07-24T07:45:19.925470Z  INFO herdr::logging: workspace focused event="workspace.focus" subsystem="workspace" outcome="ok" workspace_id="w1"
2026-07-24T07:45:19.925479Z  INFO herdr::logging: tab focused event="tab.focus" subsystem="tab" outcome="ok" workspace_id="w1" tab_id="w1:t1"
2026-07-24T07:45:19.925486Z  INFO herdr::server::headless: created startup workspace cwd=/Users/brunner/repos/nikbrunner/dots/common/.config/herdr/plugins/github/herdr-picker-plus-24891de4026e
2026-07-24T07:45:19.925581Z  INFO herdr::server::headless: client protocol socket listening path=/Users/brunner/.config/herdr/sessions/black-atom/herdr-client.sock
2026-07-24T07:45:19.925598Z  INFO herdr::server::headless: herdr server started api_socket=/Users/brunner/.config/herdr/sessions/black-atom/herdr.sock client_socket=/Users/brunner/.config/herdr/sessions/black-atom/herdr-client.sock
2026-07-24T07:45:19.925815Z  INFO herdr::logging: herdr starting event="app.startup" subsystem="server" outcome="started" pid=99624
2026-07-24T07:45:19.928133Z  INFO herdr::server::headless: client connected client_id=2 cols=327 rows=82 cell_width_px=16 cell_height_px=36 render_encoding=SemanticFrame
2026-07-24T07:45:20.107000Z  INFO herdr::logging: update available event="update.available" subsystem="update" outcome="ok" version="0.7.5-preview.2026-07-21-0f10e1453a7f"
2026-07-24T07:45:20.107027Z  INFO herdr::update: new preview build available at https://github.com/ogulcancelik/herdr/releases/download/preview-2026-07-21-0f10e1453a7f/herdr-macos-aarch64
2026-07-24T07:45:20.107343Z  INFO herdr::update: auto-update check: 0.7.5-preview.2026-07-21-0f10e1453a7f available, waiting for explicit install
2026-07-24T07:45:24.932518Z  INFO herdr::logging: session saved event="persist.save" subsystem="persist" outcome="ok" path=/Users/brunner/.config/herdr/sessions/black-atom/session.json workspaces=1
2026-07-24T07:46:03.406074Z  INFO herdr::logging: pane child exited event="pane.exit" subsystem="pane" outcome="completed" pane_id=1 status="ExitStatus { code: 0, signal: None }"
2026-07-24T07:46:03.406726Z  INFO herdr::pane: pane session terminated pane=1 pid=99956 signal=Hangup
2026-07-24T07:46:03.406837Z  INFO herdr::logging: spawning pane terminal event="pane.spawn.start" subsystem="pane" outcome="started" pane_id=2 rows=82 cols=301 scrollback_limit_bytes=10000000
2026-07-24T07:46:03.410665Z  INFO herdr::logging: pane child spawned event="pane.spawned" subsystem="pane" outcome="ok" pane_id=2 pid=4771
2026-07-24T07:46:03.410826Z  INFO herdr::logging: workspace created event="workspace.create" subsystem="workspace" outcome="ok" workspace_id="w2" pane_id=2
2026-07-24T07:46:03.410835Z  INFO herdr::logging: workspace focused event="workspace.focus" subsystem="workspace" outcome="ok" workspace_id="w2"
2026-07-24T07:46:03.410879Z  INFO herdr::logging: tab focused event="tab.focus" subsystem="tab" outcome="ok" workspace_id="w2" tab_id="w2:t1"
2026-07-24T07:46:08.434621Z  INFO herdr::logging: session saved event="persist.save" subsystem="persist" outcome="ok" path=/Users/brunner/.config/herdr/sessions/black-atom/session.json workspaces=1
2026-07-24T07:46:10.995445Z  INFO herdr::logging: pane child exited event="pane.exit" subsystem="pane" outcome="completed" pane_id=2 status="ExitStatus { code: 0, signal: None }"
2026-07-24T07:46:10.995997Z  INFO herdr::pane: pane session terminated pane=2 pid=4771 signal=Hangup
2026-07-24T07:46:10.996070Z  INFO herdr::logging: spawning pane terminal event="pane.spawn.start" subsystem="pane" outcome="started" pane_id=3 rows=82 cols=301 scrollback_limit_bytes=10000000
2026-07-24T07:46:10.999960Z  INFO herdr::logging: pane child spawned event="pane.spawned" subsystem="pane" outcome="ok" pane_id=3 pid=4989
2026-07-24T07:46:11.000097Z  INFO herdr::logging: workspace created event="workspace.create" subsystem="workspace" outcome="ok" workspace_id="w3" pane_id=3
2026-07-24T07:46:11.000102Z  INFO herdr::logging: workspace focused event="workspace.focus" subsystem="workspace" outcome="ok" workspace_id="w3"
2026-07-24T07:46:11.000141Z  INFO herdr::logging: tab focused event="tab.focus" subsystem="tab" outcome="ok" workspace_id="w3" tab_id="w3:t1"
2026-07-24T07:46:16.014047Z  INFO herdr::logging: session saved event="persist.save" subsystem="persist" outcome="ok" path=/Users/brunner/.config/herdr/sessions/black-atom/session.json workspaces=1
2026-07-24T07:46:37.051557Z  INFO herdr::server::headless: client resize client_id=2 cols=162 rows=82 cell_width_px=16 cell_height_px=36
2026-07-24T07:46:38.559451Z  INFO herdr::server::headless: client disconnected client_id=2
2026-07-24T08:50:44.522221Z  INFO herdr::platform::macos: raised server file descriptor soft limit previous=256 target=8192
2026-07-24T08:50:44.523630Z  INFO herdr::api::server: api server listening path=/Users/brunner/.config/herdr/sessions/black-atom/herdr.sock
2026-07-24T08:50:44.526861Z  INFO herdr::logging: spawning pane terminal event="pane.spawn.start" subsystem="pane" outcome="started" pane_id=1 rows=24 cols=80 scrollback_limit_bytes=10000000
2026-07-24T08:50:44.530966Z  INFO herdr::logging: pane child spawned event="pane.spawned" subsystem="pane" outcome="ok" pane_id=1 pid=1770
2026-07-24T08:50:44.531635Z  INFO herdr::logging: session restore evaluated event="persist.restore" subsystem="persist" outcome="ok" workspaces=1
2026-07-24T08:50:44.531754Z  INFO herdr::app: using pane scrollback configuration pane_scrollback_limit_bytes=10000000
2026-07-24T08:50:44.560045Z  INFO herdr::logging: checking for updates event="update.check.start" subsystem="update" outcome="started"
2026-07-24T08:50:44.570791Z  INFO herdr::server::headless: restored session already has workspaces; ignoring startup cwd cwd=/Users/brunner
2026-07-24T08:50:44.571112Z  INFO herdr::server::headless: client protocol socket listening path=/Users/brunner/.config/herdr/sessions/black-atom/herdr-client.sock
2026-07-24T08:50:44.571138Z  INFO herdr::server::headless: herdr server started api_socket=/Users/brunner/.config/herdr/sessions/black-atom/herdr.sock client_socket=/Users/brunner/.config/herdr/sessions/black-atom/herdr-client.sock
2026-07-24T08:50:44.571783Z  INFO herdr::logging: herdr starting event="app.startup" subsystem="server" outcome="started" pid=1769
2026-07-24T08:50:44.753712Z  INFO herdr::logging: update available event="update.available" subsystem="update" outcome="ok" version="0.7.5-preview.2026-07-21-0f10e1453a7f"
2026-07-24T08:50:44.753735Z  INFO herdr::update: new preview build available at https://github.com/ogulcancelik/herdr/releases/download/preview-2026-07-21-0f10e1453a7f/herdr-macos-aarch64
2026-07-24T08:50:44.755427Z  INFO herdr::update: auto-update check: 0.7.5-preview.2026-07-21-0f10e1453a7f available, waiting for explicit install
2026-07-24T08:50:44.755831Z  INFO herdr::server::headless: client connected client_id=2 cols=387 rows=71 cell_width_px=15 cell_height_px=43 render_encoding=SemanticFrame
2026-07-24T08:51:03.534583Z  INFO herdr::logging: api request received event="api.request.start" subsystem="api" outcome="started" request_id="cli:plugin" method="plugin.pane.open" changes_ui=true
2026-07-24T08:51:03.535594Z  INFO herdr::logging: spawning pane terminal event="pane.spawn.start" subsystem="pane" outcome="started" pane_id=2 rows=71 cols=361 scrollback_limit_bytes=10000000
2026-07-24T08:51:03.539119Z  INFO herdr::logging: pane child spawned event="pane.spawned" subsystem="pane" outcome="ok" pane_id=2 pid=7933
2026-07-24T08:51:03.539326Z  INFO herdr::logging: tab focused event="tab.focus" subsystem="tab" outcome="ok" workspace_id="w3" tab_id="w3:t1"
2026-07-24T08:51:03.540378Z  INFO herdr::logging: api request completed event="api.request.complete" subsystem="api" outcome="ok" request_id="cli:plugin" method="plugin.pane.open"
2026-07-24T08:51:08.550089Z  INFO herdr::logging: session saved event="persist.save" subsystem="persist" outcome="ok" path=/Users/brunner/.config/herdr/sessions/black-atom/session.json workspaces=1
2026-07-24T08:51:08.976572Z  INFO herdr::logging: api request received event="api.request.start" subsystem="api" outcome="started" request_id="cli:workspace:create" method="workspace.create" changes_ui=true
2026-07-24T08:51:08.976821Z  INFO herdr::logging: spawning pane terminal event="pane.spawn.start" subsystem="pane" outcome="started" pane_id=3 rows=71 cols=361 scrollback_limit_bytes=10000000
2026-07-24T08:51:08.981798Z  INFO herdr::logging: pane child spawned event="pane.spawned" subsystem="pane" outcome="ok" pane_id=3 pid=7986
2026-07-24T08:51:08.982825Z  INFO herdr::logging: workspace created event="workspace.create" subsystem="workspace" outcome="ok" workspace_id="w4" pane_id=3
2026-07-24T08:51:08.982841Z  INFO herdr::logging: workspace focused event="workspace.focus" subsystem="workspace" outcome="ok" workspace_id="w4"
2026-07-24T08:51:08.982948Z  INFO herdr::logging: tab focused event="tab.focus" subsystem="tab" outcome="ok" workspace_id="w4" tab_id="w4:t1"
2026-07-24T08:51:08.982957Z  INFO herdr::logging: workspace renamed event="workspace.rename" subsystem="workspace" outcome="ok" workspace_id="w4"
2026-07-24T08:51:08.984518Z  INFO herdr::logging: api request completed event="api.request.complete" subsystem="api" outcome="ok" request_id="cli:workspace:create" method="workspace.create"
2026-07-24T08:51:08.990419Z  INFO herdr::logging: api request received event="api.request.start" subsystem="api" outcome="started" request_id="cli:tab:rename" method="tab.rename" changes_ui=true
2026-07-24T08:51:08.992207Z  INFO herdr::logging: tab renamed event="tab.rename" subsystem="tab" outcome="ok" workspace_id="w4" tab_id="w4:t1"
2026-07-24T08:51:08.992729Z  INFO herdr::logging: api request completed event="api.request.complete" subsystem="api" outcome="ok" request_id="cli:tab:rename" method="tab.rename"
2026-07-24T08:51:08.999429Z  INFO herdr::logging: api request received event="api.request.start" subsystem="api" outcome="started" request_id="cli:tab:create" method="tab.create" changes_ui=true
2026-07-24T08:51:09.001214Z  INFO herdr::logging: spawning pane terminal event="pane.spawn.start" subsystem="pane" outcome="started" pane_id=4 rows=71 cols=361 scrollback_limit_bytes=10000000
2026-07-24T08:51:09.004953Z  INFO herdr::logging: pane child spawned event="pane.spawned" subsystem="pane" outcome="ok" pane_id=4 pid=7996
2026-07-24T08:51:09.005113Z  INFO herdr::logging: tab renamed event="tab.rename" subsystem="tab" outcome="ok" workspace_id="w4" tab_id="w4:t2"
2026-07-24T08:51:09.005967Z  INFO herdr::logging: api request completed event="api.request.complete" subsystem="api" outcome="ok" request_id="cli:tab:create" method="tab.create"
2026-07-24T08:51:09.015861Z  INFO herdr::logging: api request received event="api.request.start" subsystem="api" outcome="started" request_id="cli:tab:create" method="tab.create" changes_ui=true
2026-07-24T08:51:09.015963Z  INFO herdr::logging: spawning pane terminal event="pane.spawn.start" subsystem="pane" outcome="started" pane_id=5 rows=70 cols=361 scrollback_limit_bytes=10000000
2026-07-24T08:51:09.018699Z  INFO herdr::logging: pane child spawned event="pane.spawned" subsystem="pane" outcome="ok" pane_id=5 pid=8007
2026-07-24T08:51:09.018806Z  INFO herdr::logging: tab renamed event="tab.rename" subsystem="tab" outcome="ok" workspace_id="w4" tab_id="w4:t3"
2026-07-24T08:51:09.019686Z  INFO herdr::logging: api request completed event="api.request.complete" subsystem="api" outcome="ok" request_id="cli:tab:create" method="tab.create"
2026-07-24T08:51:09.023818Z  INFO herdr::logging: api request received event="api.request.start" subsystem="api" outcome="started" request_id="cli:notification:show" method="notification.show" changes_ui=true
2026-07-24T08:51:09.027252Z  INFO herdr::logging: api request completed event="api.request.complete" subsystem="api" outcome="ok" request_id="cli:notification:show" method="notification.show"
2026-07-24T08:51:09.028231Z  INFO herdr::logging: pane child exited event="pane.exit" subsystem="pane" outcome="completed" pane_id=2 status="ExitStatus { code: 0, signal: None }"
2026-07-24T08:51:09.028783Z  INFO herdr::pane: pane session terminated pane=2 pid=7933 signal=Hangup
2026-07-24T08:51:14.035117Z  INFO herdr::logging: session saved event="persist.save" subsystem="persist" outcome="ok" path=/Users/brunner/.config/herdr/sessions/black-atom/session.json workspaces=2
2026-07-24T08:51:19.785510Z  INFO herdr::logging: workspace renamed event="workspace.rename" subsystem="workspace" outcome="ok" workspace_id="w4"
2026-07-24T08:51:24.788117Z  INFO herdr::logging: session saved event="persist.save" subsystem="persist" outcome="ok" path=/Users/brunner/.config/herdr/sessions/black-atom/session.json workspaces=2
2026-07-24T09:10:52.847037Z  INFO herdr::server::headless: client resize client_id=2 cols=187 rows=71 cell_width_px=15 cell_height_px=43
2026-07-24T09:10:53.260188Z  INFO herdr::server::headless: client resize client_id=2 cols=253 rows=71 cell_width_px=15 cell_height_px=43
2026-07-24T10:11:53.610113Z  INFO herdr::server::headless: client resize client_id=2 cols=387 rows=71 cell_width_px=15 cell_height_px=43
2026-07-24T10:15:57.821597Z  INFO herdr::logging: tab focused event="tab.focus" subsystem="tab" outcome="ok" workspace_id="w4" tab_id="w4:t2"
2026-07-24T10:15:58.287478Z  INFO herdr::logging: tab focused event="tab.focus" subsystem="tab" outcome="ok" workspace_id="w4" tab_id="w4:t3"
2026-07-24T10:16:03.299433Z  INFO herdr::logging: session saved event="persist.save" subsystem="persist" outcome="ok" path=/Users/brunner/.config/herdr/sessions/black-atom/session.json workspaces=2
2026-07-24T10:49:52.559563Z  INFO herdr::server::headless: client resize client_id=2 cols=342 rows=71 cell_width_px=17 cell_height_px=43
2026-07-24T10:57:24.867000Z  INFO herdr::server::headless: client resize client_id=2 cols=290 rows=71 cell_width_px=20 cell_height_px=43
2026-07-24T11:00:15.993720Z  INFO herdr::server::headless: client resize client_id=2 cols=342 rows=67 cell_width_px=17 cell_height_px=46
2026-07-24T13:13:16.295828Z  INFO herdr::server::headless: client resize client_id=2 cols=342 rows=71 cell_width_px=17 cell_height_px=43
2026-07-24T13:13:24.376841Z  INFO herdr::server::headless: client resize client_id=2 cols=323 rows=68 cell_width_px=18 cell_height_px=45
2026-07-24T13:13:24.783990Z  INFO herdr::server::headless: client resize client_id=2 cols=306 rows=64 cell_width_px=19 cell_height_px=48
2026-07-24T13:13:24.988603Z  INFO herdr::server::headless: client resize client_id=2 cols=290 rows=60 cell_width_px=20 cell_height_px=51
2026-07-24T16:21:55.688622Z  INFO herdr::server::headless: client resize client_id=2 cols=182 rows=37 cell_width_px=10 cell_height_px=25
2026-07-24T23:40:20.654028Z  WARN herdr::detect::manifest_update: agent detection manifest update failed: failed to fetch https://herdr.dev/agent-detection/index.toml
2026-07-25T07:50:08.970137Z  INFO herdr::server::headless: client resize client_id=2 cols=182 rows=36 cell_width_px=20 cell_height_px=51
2026-07-25T07:50:09.072052Z  INFO herdr::server::headless: client resize client_id=2 cols=290 rows=60 cell_width_px=20 cell_height_px=51
